2018-11-04 20:42:30,871 [Thread-2] INFO  TEST account.Test.UserTest$2.run(UserTest.java:79) - registrationMsg - Email: test@totallynotafakemail.com, Pw: yaya1234
2018-11-04 20:42:51,654 [Thread-2] INFO  TEST account.Test.UserTest$2.run(UserTest.java:79) - registrationMsg - Email: test@totallynotafakemail.com, Pw: yaya1234
2018-11-04 20:45:11,649 [Thread-2] INFO  TEST account.Test.UserTest$2.run(UserTest.java:79) - registrationMsg - Email: test@totallynotafakemail.com, Pw: yaya1234
2018-11-04 20:46:58,858 [Thread-2] INFO  TEST account.Test.UserTest$2.run(UserTest.java:79) - registrationMsg - Email: test@totallynotafakemail.com, Pw: yaya1234
2018-11-04 20:47:27,257 [Thread-2] INFO  TEST account.Test.UserTest$2.run(UserTest.java:79) - registrationMsg - Email: test@totallynotafakemail.com, Pw: yaya1234
2018-11-04 20:47:35,435 [Thread-2] INFO  TEST account.Test.UserTest$2.run(UserTest.java:79) - registrationMsg - Email: test@totallynotafakemail.com, Pw: yaya1234
2018-11-04 20:57:46,758 [Thread-2] INFO  TEST account.Test.UserTest$2.run(UserTest.java:79) - @UserTest: registrationMsg - Email: test@totallynotafakemail.com, Pw: yaya1234
2018-11-04 21:09:21,891 [Thread-2] INFO  TEST account.Test.UserTest$2.run(UserTest.java:79) - @UserTest: registrationMsg - Email: test@totallynotafakemail.com, Pw: yaya1234
2018-11-04 21:12:30,477 [Thread-2] INFO  TEST account.Test.UserTest$2.run(UserTest.java:79) - @UserTest: registrationMsg - Email: test@totallynotafakemail.com, Pw: yaya1234
2018-11-04 21:21:31,642 [Thread-2] INFO  TEST account.Test.UserTest$2.run(UserTest.java:79) - @UserTest: registrationMsg - Email: test@totallynotafakemail.com, Pw: yaya1234
2018-11-04 21:25:43,107 [Thread-2] INFO  TEST account.Test.UserTest$2.run(UserTest.java:79) - @UserTest: registrationMsg - Email: test@totallynotafakemail.com, Pw: yaya1234
2018-11-04 21:25:52,762 [Thread-2] INFO  TEST account.Test.UserTest$2.run(UserTest.java:79) - @UserTest: registrationMsg - Email: test@totallynotafakemail.com, Pw: yaya1234
2018-11-04 21:38:52,623 [Thread-2] INFO  TEST account.Test.UserTest$1.run(UserTest.java:72) - @UserTest: registrationMsg - Email: test@totallynotafakemail.com, Pw: yaya1234
2018-11-04 21:41:39,417 [Thread-2] INFO  TEST account.Test.UserTest$1.run(UserTest.java:72) - @UserTest: registrationMsg - Email: test@totallynotafakemail.com, Pw: yaya1234
2018-11-04 21:42:07,844 [Thread-2] INFO  TEST account.Test.UserTest$1.run(UserTest.java:72) - @UserTest: registrationMsg - Email: test@totallynotafakemail.com, Pw: yaya1234
2018-11-04 21:42:29,204 [Thread-2] INFO  TEST account.Test.UserTest$1.run(UserTest.java:72) - @UserTest: registrationMsg - Email: test@totallynotafakemail.com, Pw: yaya1234
2018-11-04 21:49:30,296 [Thread-2] INFO  TEST account.Test.UserTest$1.run(UserTest.java:72) - @UserTest: registrationMsg - Email: test@totallynotafakemail.com, Pw: yaya1234
2018-11-04 21:52:26,920 [Thread-2] INFO  TEST account.Test.UserTest$1.run(UserTest.java:72) - @UserTest: registrationMsg - Email: test@totallynotafakemail.com, Pw: yaya1234
2018-11-04 21:54:24,822 [Thread-3] INFO  TEST account.Test.UserTest$2.run(UserTest.java:93) - Started regDelThread

2018-11-04 21:54:52,121 [Thread-3] INFO  TEST account.Test.UserTest$2.run(UserTest.java:93) - Started regDelThread

2018-11-04 21:55:17,730 [Thread-3] INFO  TEST account.Test.UserTest$2.run(UserTest.java:93) - Started regDelThread

2018-11-04 21:56:11,963 [Thread-3] INFO  TEST account.Test.UserTest$2.run(UserTest.java:93) - Started regDelThread

2018-11-04 21:56:13,034 [Thread-2] INFO  TEST account.Test.UserTest$1.run(UserTest.java:72) - @UserTest: registrationMsg - Email: test@totallynotafakemail.com, Pw: yaya1234
2018-11-04 21:57:32,664 [Thread-3] INFO  TEST account.Test.UserTest$2.run(UserTest.java:94) - Started regDelThread

2018-11-04 21:57:33,727 [Thread-2] INFO  TEST account.Test.UserTest$1.run(UserTest.java:72) - @UserTest: registrationMsg - Email: test@totallynotafakemail.com, Pw: yaya1234
2018-11-04 22:56:37,623 [Thread-3] INFO  TEST account.Test.UserTest$2.run(UserTest.java:95) - Started regDelThread

2018-11-04 22:56:38,642 [Thread-2] INFO  TEST account.Test.UserTest$1.run(UserTest.java:72) - @UserTest: registrationMsg - Email: test@totallynotafakemail.com, Pw: yaya1234
2018-11-04 22:56:38,643 [Thread-2] INFO  TEST account.Test.UserTest$1.run(UserTest.java:74) - Message was sent. Waiting for response
2018-11-04 23:07:24,108 [Thread-3] INFO  TEST account.Test.UserTest$2.run(UserTest.java:96) - Started regDelThread

2018-11-04 23:07:25,127 [Thread-2] INFO  TEST account.Test.UserTest$1.run(UserTest.java:72) - @UserTest: registrationMsg - Email: test@totallynotafakemail.com, Pw: yaya1234
2018-11-04 23:07:25,128 [Thread-2] INFO  TEST account.Test.UserTest$1.run(UserTest.java:74) - Message was sent. Waiting for response
2018-11-04 23:15:48,030 [Thread-3] INFO  TEST account.Test.UserTest$2.run(UserTest.java:96) - Started regDelThread

2018-11-04 23:15:49,048 [Thread-2] INFO  TEST account.Test.UserTest$1.run(UserTest.java:72) - @UserTest: registrationMsg - Email: test@totallynotafakemail.com, Pw: yaya1234
2018-11-04 23:15:49,050 [Thread-2] INFO  TEST account.Test.UserTest$1.run(UserTest.java:74) - Message was sent. Waiting for response
2018-11-04 23:21:36,970 [Thread-3] INFO  TEST account.Test.UserTest$2.run(UserTest.java:96) - Started regDelThread

2018-11-04 23:21:37,990 [Thread-2] INFO  TEST account.Test.UserTest$1.run(UserTest.java:72) - @UserTest: registrationMsg - Email: test@totallynotafakemail.com, Pw: yaya1234
2018-11-04 23:21:37,992 [Thread-2] INFO  TEST account.Test.UserTest$1.run(UserTest.java:74) - Message was sent. Waiting for response
2018-11-04 23:45:11,233 [Thread-3] INFO  TEST account.Test.UserTest$2.run(UserTest.java:96) - Started regDelThread

2018-11-04 23:45:12,252 [Thread-2] INFO  TEST account.Test.UserTest$1.run(UserTest.java:72) - @UserTest: registrationMsg - Email: test@totallynotafakemail.com, Pw: yaya1234
2018-11-04 23:45:12,253 [Thread-2] INFO  TEST account.Test.UserTest$1.run(UserTest.java:74) - Message was sent. Waiting for response
2018-11-05 09:00:19,692 [Thread-3] INFO  TEST account.Test.UserTest$2.run(UserTest.java:96) - Started regDelThread

2018-11-05 09:00:20,727 [Thread-2] INFO  TEST account.Test.UserTest$1.run(UserTest.java:72) - @UserTest: registrationMsg - Email: test@totallynotafakemail.com, Pw: yaya1234
2018-11-05 09:00:20,729 [Thread-2] INFO  TEST account.Test.UserTest$1.run(UserTest.java:74) - Message was sent. Waiting for response
2018-11-05 09:01:39,567 [Thread-3] INFO  TEST account.Test.UserTest$2.run(UserTest.java:96) - Started regDelThread

2018-11-05 09:01:51,328 [Thread-3] INFO  TEST account.Test.UserTest$2.run(UserTest.java:96) - Started regDelThread

2018-11-05 09:01:52,344 [Thread-2] INFO  TEST account.Test.UserTest$1.run(UserTest.java:72) - @UserTest: registrationMsg - Email: test@totallynotafakemail.com, Pw: yaya1234
2018-11-05 09:01:52,347 [Thread-2] INFO  TEST account.Test.UserTest$1.run(UserTest.java:74) - Message was sent. Waiting for response
2018-11-05 09:04:09,532 [Thread-3] INFO  TEST account.Test.UserTest$2.run(UserTest.java:96) - Started regDelThread

2018-11-05 09:04:10,551 [Thread-2] INFO  TEST account.Test.UserTest$1.run(UserTest.java:72) - @UserTest: registrationMsg - Email: test@totallynotafakemail.com, Pw: yaya1234
2018-11-05 09:04:10,553 [Thread-2] INFO  TEST account.Test.UserTest$1.run(UserTest.java:74) - Message was sent. Waiting for response
2018-11-05 09:05:28,343 [Thread-3] INFO  TEST account.Test.UserTest$2.run(UserTest.java:96) - Started regDelThread

2018-11-05 09:05:29,360 [Thread-2] INFO  TEST account.Test.UserTest$1.run(UserTest.java:72) - @UserTest: registrationMsg - Email: test@totallynotafakemail.com, Pw: yaya1234
2018-11-05 09:05:29,362 [Thread-2] INFO  TEST account.Test.UserTest$1.run(UserTest.java:74) - Message was sent. Waiting for response
2018-11-05 09:06:18,980 [Thread-3] INFO  TEST account.Test.UserTest$2.run(UserTest.java:96) - Started regDelThread

2018-11-05 09:06:19,993 [Thread-2] INFO  TEST account.Test.UserTest$1.run(UserTest.java:72) - @UserTest: registrationMsg - Email: test@totallynotafakemail.com, Pw: yaya1234
2018-11-05 09:06:19,994 [Thread-2] INFO  TEST account.Test.UserTest$1.run(UserTest.java:74) - Message was sent. Waiting for response
2018-11-05 09:07:03,980 [Thread-3] INFO  TEST account.Test.UserTest$2.run(UserTest.java:96) - Started regDelThread

2018-11-05 09:07:05,002 [Thread-2] INFO  TEST account.Test.UserTest$1.run(UserTest.java:72) - @UserTest: registrationMsg - Email: test@totallynotafakemail.com, Pw: yaya1234
2018-11-05 09:07:05,004 [Thread-2] INFO  TEST account.Test.UserTest$1.run(UserTest.java:74) - Message was sent. Waiting for response
2018-11-05 09:08:54,372 [Thread-3] INFO  TEST account.Test.UserTest$2.run(UserTest.java:96) - Started regDelThread

2018-11-05 09:08:55,390 [Thread-2] INFO  TEST account.Test.UserTest$1.run(UserTest.java:72) - @UserTest: registrationMsg - Email: test@totallynotafakemail.com, Pw: yaya1234
2018-11-05 09:08:55,392 [Thread-2] INFO  TEST account.Test.UserTest$1.run(UserTest.java:74) - Message was sent. Waiting for response
2018-11-05 09:15:39,153 [Thread-3] INFO  TEST account.Test.UserTest$2.run(UserTest.java:96) - Started regDelThread

2018-11-05 09:15:40,175 [Thread-2] INFO  TEST account.Test.UserTest$1.run(UserTest.java:72) - @UserTest: registrationMsg - Email: test@totallynotafakemail.com, Pw: yaya1234
2018-11-05 09:15:40,176 [Thread-2] INFO  TEST account.Test.UserTest$1.run(UserTest.java:74) - Message was sent. Waiting for response
2018-11-05 23:03:38,090 [Thread-3] INFO  TEST account.Test.UserTest$2.run(UserTest.java:96) - Started regDelThread

2018-11-05 23:03:39,122 [Thread-2] INFO  TEST account.Test.UserTest$1.run(UserTest.java:72) - @UserTest: registrationMsg - Email: test@totallynotafakemail.com, Pw: yaya1234
2018-11-05 23:03:39,132 [Thread-2] INFO  TEST account.Test.UserTest$1.run(UserTest.java:74) - Message was sent. Waiting for response
2018-11-05 23:05:35,505 [Thread-3] INFO  TEST account.Test.UserTest$2.run(UserTest.java:96) - Started regDelThread

2018-11-05 23:05:36,513 [Thread-2] INFO  TEST account.Test.UserTest$1.run(UserTest.java:72) - @UserTest: registrationMsg - Email: test@totallynotafakemail.com, Pw: yaya1234
2018-11-05 23:05:36,515 [Thread-2] INFO  TEST account.Test.UserTest$1.run(UserTest.java:74) - Message was sent. Waiting for response
2018-11-05 23:15:36,280 [Thread-3] INFO  TEST account.Test.UserTest$2.run(UserTest.java:96) - Started regDelThread

2018-11-05 23:15:37,293 [Thread-2] INFO  TEST account.Test.UserTest$1.run(UserTest.java:72) - @UserTest: registrationMsg - Email: test@totallynotafakemail.com, Pw: yaya1234
2018-11-05 23:15:37,295 [Thread-2] INFO  TEST account.Test.UserTest$1.run(UserTest.java:74) - Message was sent. Waiting for response
2018-11-05 23:18:26,214 [Thread-3] INFO  TEST account.Test.UserTest$2.run(UserTest.java:96) - Started regDelThread

2018-11-05 23:18:27,224 [Thread-2] INFO  TEST account.Test.UserTest$1.run(UserTest.java:72) - @UserTest: registrationMsg - Email: test@totallynotafakemail.com, Pw: yaya1234
2018-11-05 23:18:27,227 [Thread-2] INFO  TEST account.Test.UserTest$1.run(UserTest.java:74) - Message was sent. Waiting for response
2018-11-05 23:20:26,391 [Thread-3] INFO  TEST account.Test.UserTest$2.run(UserTest.java:96) - Started regDelThread

2018-11-05 23:20:27,406 [Thread-2] INFO  TEST account.Test.UserTest$1.run(UserTest.java:72) - @UserTest: registrationMsg - Email: test@totallynotafakemail.com, Pw: yaya1234
2018-11-05 23:20:27,407 [Thread-2] INFO  TEST account.Test.UserTest$1.run(UserTest.java:74) - Message was sent. Waiting for response
2018-11-05 23:20:27,898 [Thread-2] INFO  TEST account.Test.UserTest$1.run(UserTest.java:76) - regMsgBack was received
2018-11-05 23:20:27,945 [Thread-3] INFO  TEST account.Test.UserTest$2.run(UserTest.java:98) - Joined regThread

2018-11-05 23:20:27,947 [Thread-3] INFO  TEST account.Test.UserTest$2.run(UserTest.java:108) - @UserTest: registrationDeleteMsg - Email: test@totallynotafakemail.com, Pw: yaya1234
2018-11-05 23:22:48,287 [Thread-3] INFO  TEST account.Test.UserTest$2.run(UserTest.java:96) - Started regDelThread

2018-11-05 23:22:49,302 [Thread-2] INFO  TEST account.Test.UserTest$1.run(UserTest.java:72) - @UserTest: registrationMsg - Email: test@totallynotafakemail.com, Pw: yaya1234
2018-11-05 23:22:49,304 [Thread-2] INFO  TEST account.Test.UserTest$1.run(UserTest.java:74) - Message was sent. Waiting for response
2018-11-05 23:22:49,794 [Thread-2] INFO  TEST account.Test.UserTest$1.run(UserTest.java:76) - regMsgBack was received
2018-11-05 23:22:49,825 [Thread-2] INFO  TEST account.Test.UserTest$1.run(UserTest.java:85) - End of RegThread

2018-11-05 23:22:49,826 [Thread-3] INFO  TEST account.Test.UserTest$2.run(UserTest.java:98) - Joined regThread

2018-11-05 23:22:49,828 [Thread-3] INFO  TEST account.Test.UserTest$2.run(UserTest.java:108) - @UserTest: registrationDeleteMsg - Email: test@totallynotafakemail.com, Pw: yaya1234
2018-11-05 23:25:05,575 [Thread-3] INFO  TEST account.Test.UserTest$2.run(UserTest.java:96) - Started regDelThread

2018-11-05 23:25:06,595 [Thread-2] INFO  TEST account.Test.UserTest$1.run(UserTest.java:72) - @UserTest: registrationMsg - Email: test@totallynotafakemail.com, Pw: yaya1234
2018-11-05 23:25:06,597 [Thread-2] INFO  TEST account.Test.UserTest$1.run(UserTest.java:74) - Message was sent. Waiting for response
2018-11-05 23:25:07,135 [Thread-2] INFO  TEST account.Test.UserTest$1.run(UserTest.java:76) - regMsgBack was received
2018-11-05 23:25:07,162 [Thread-2] INFO  TEST account.Test.UserTest$1.run(UserTest.java:85) - End of RegThread

2018-11-05 23:25:07,163 [Thread-3] INFO  TEST account.Test.UserTest$2.run(UserTest.java:98) - Joined regThread

2018-11-05 23:25:07,166 [Thread-3] INFO  TEST account.Test.UserTest$2.run(UserTest.java:108) - @UserTest: registrationDeleteMsg - Email: test@totallynotafakemail.com, Pw: yaya1234
2018-11-05 23:25:40,237 [Thread-3] INFO  TEST account.Test.UserTest$2.run(UserTest.java:96) - Started regDelThread

2018-11-05 23:25:41,253 [Thread-2] INFO  TEST account.Test.UserTest$1.run(UserTest.java:72) - @UserTest: registrationMsg - Email: test@totallynotafakemail.com, Pw: yaya1234
2018-11-05 23:25:41,255 [Thread-2] INFO  TEST account.Test.UserTest$1.run(UserTest.java:74) - Message was sent. Waiting for response
2018-11-05 23:25:41,738 [Thread-2] INFO  TEST account.Test.UserTest$1.run(UserTest.java:76) - regMsgBack was received
2018-11-05 23:25:41,758 [Thread-2] INFO  TEST account.Test.UserTest$1.run(UserTest.java:85) - End of RegThread

2018-11-05 23:25:41,763 [Thread-3] INFO  TEST account.Test.UserTest$2.run(UserTest.java:98) - Joined regThread

2018-11-05 23:25:41,765 [Thread-3] INFO  TEST account.Test.UserTest$2.run(UserTest.java:108) - @UserTest: registrationDeleteMsg - Email: test@totallynotafakemail.com, Pw: yaya1234
2018-11-05 23:32:33,532 [Thread-3] INFO  TEST account.Test.UserTest$2.run(UserTest.java:96) - Started regDelThread

2018-11-05 23:32:34,548 [Thread-2] INFO  TEST account.Test.UserTest$1.run(UserTest.java:72) - @UserTest: registrationMsg - Email: test@totallynotafakemail.com, Pw: yaya1234
2018-11-05 23:32:34,549 [Thread-2] INFO  TEST account.Test.UserTest$1.run(UserTest.java:74) - Message was sent. Waiting for response
2018-11-05 23:32:35,026 [Thread-2] INFO  TEST account.Test.UserTest$1.run(UserTest.java:76) - regMsgBack was received
2018-11-05 23:32:35,047 [Thread-2] INFO  TEST account.Test.UserTest$1.run(UserTest.java:85) - End of RegThread

2018-11-05 23:32:35,057 [Thread-3] INFO  TEST account.Test.UserTest$2.run(UserTest.java:98) - Joined regThread

2018-11-05 23:32:35,058 [Thread-3] INFO  TEST account.Test.UserTest$2.run(UserTest.java:108) - @UserTest: registrationDeleteMsg - Email: test@totallynotafakemail.com, Pw: yaya1234
2018-11-05 23:38:20,243 [Thread-3] INFO  TEST account.Test.UserTest$2.run(UserTest.java:96) - Started regDelThread

2018-11-05 23:38:21,260 [Thread-2] INFO  TEST account.Test.UserTest$1.run(UserTest.java:72) - @UserTest: registrationMsg - Email: test@totallynotafakemail.com, Pw: yaya1234
2018-11-05 23:38:21,261 [Thread-2] INFO  TEST account.Test.UserTest$1.run(UserTest.java:74) - Message was sent. Waiting for response
2018-11-05 23:38:21,725 [Thread-2] INFO  TEST account.Test.UserTest$1.run(UserTest.java:76) - regMsgBack was received
2018-11-05 23:38:21,753 [Thread-2] INFO  TEST account.Test.UserTest$1.run(UserTest.java:85) - End of RegThread

2018-11-05 23:38:21,754 [Thread-3] INFO  TEST account.Test.UserTest$2.run(UserTest.java:98) - Joined regThread

2018-11-05 23:38:21,756 [Thread-3] INFO  TEST account.Test.UserTest$2.run(UserTest.java:108) - @UserTest: registrationDeleteMsg - Email: test@totallynotafakemail.com, Pw: yaya1234
2018-11-05 23:49:42,652 [main] INFO  TEST account.Test.UserTest.doubleRegistrationTestForServer(UserTest.java:216) - doubleRegistrationTestForServer successful!
2018-11-05 23:50:18,265 [main] INFO  TEST account.Test.UserTest.doubleRegistrationTestForServer(UserTest.java:216) - doubleRegistrationTestForServer successful!
2018-11-05 23:50:54,577 [main] INFO  TEST account.Test.UserTest.doubleRegistrationTestForServer(UserTest.java:216) - doubleRegistrationTestForServer successful!
2018-11-05 23:51:02,716 [main] INFO  TEST account.Test.UserTest.doubleRegistrationTestForServer(UserTest.java:216) - doubleRegistrationTestForServer successful!
2018-11-05 23:51:09,139 [main] INFO  TEST account.Test.UserTest.doubleRegistrationTestForServer(UserTest.java:216) - doubleRegistrationTestForServer successful!
2018-11-05 23:51:19,339 [main] INFO  TEST account.Test.UserTest.doubleRegistrationTestForServer(UserTest.java:216) - doubleRegistrationTestForServer successful!
2018-11-05 23:52:27,697 [main] INFO  TEST account.Test.UserTest.doubleRegistrationTestForServer(UserTest.java:216) - doubleRegistrationTestForServer successful!
2018-11-05 23:53:30,075 [main] INFO  TEST account.Test.UserTest.doubleRegistrationTestForServer(UserTest.java:216) - doubleRegistrationTestForServer successful!
2018-11-05 23:56:37,489 [main] INFO  TEST account.Test.UserTest.doubleRegistrationTestForServer(UserTest.java:218) - doubleRegistrationTestForServer successful!
2018-11-05 23:59:11,566 [main] INFO  TEST account.Test.UserTest.doubleRegistrationTestForServer(UserTest.java:218) - doubleRegistrationTestForServer successful!
2018-11-06 00:01:56,442 [main] INFO  TEST account.Test.UserTest.doubleRegistrationTestForServer(UserTest.java:219) - doubleRegistrationTestForServer successful!
2018-11-06 00:01:57,857 [main] INFO  TEST account.Test.UserTest.registrationTestForServer(UserTest.java:119) - registrationTestForServer successful!
